{
  "stepDefinitions": [],
  "sourceFiles": {},
  "typeNames": {},
  "analyticsProperties": {
    "Connector": "<connector>",
    "ImageRuntimeVersion": "v4.0.30319",
    "SFFile": "TechTalk.SpecFlow.dll",
    "SFFileVersion": "2.4.0.0",
    "SFProductVersion": "2.4.0-line-v2-4.52+Branch.line-v2.4.Sha.44ea7423c9bf4972a8b63427a0ab319654bb416e",
    "SourcePaths": "1",
    "StepDefinitions": "3",
    "TargetFramework": ".NETFramework,Version=v4.8",
    "TypeNames": "0"
  }
}