{
  "stepDefinitions": [],
  "sourceFiles": {},
  "typeNames": {},
  "analyticsProperties": {
    "Connector": "<connector>",
    "ImageRuntimeVersion": "v4.0.30319",
    "SFFile": "TechTalk.SpecFlow.dll",
    "SFFileVersion": "2.2.0",
    "SFProductVersion": "2.2.0",
    "SourcePaths": "1",
    "StepDefinitions": "3",
    "TargetFramework": ".NETFramework,Version=v4.8",
    "TypeNames": "0"
  }
}